// Jest Snapshot v1, https://goo.gl/fbAQLP

exports[`Left Snapshot matchs 1`] = `
<div
  className="MuiPaper-root makeStyles-root-1 MuiPaper-elevation5 MuiPaper-rounded"
>
  <ul
    className="MuiList-root MuiList-padding"
  >
    <li
      className="MuiListItem-root MuiListItem-gutters"
      disabled={false}
    >
      <div
        className="MuiListItemIcon-root"
      >
        <svg
          aria-hidden={true}
          className="MuiSvgIcon-root"
          focusable="false"
          viewBox="0 0 24 24"
        >
          <path
            d="M11.99 2C6.47 2 2 6.48 2 12s4.47 10 9.99 10C17.52 22 22 17.52 22 12S17.52 2 11.99 2zM12 20c-4.42 0-8-3.58-8-8s3.58-8 8-8 8 3.58 8 8-3.58 8-8 8z"
          />
          <path
            d="M12.5 7H11v6l5.25 3.15.75-1.23-4.5-2.67z"
          />
        </svg>
      </div>
      <div
        className="MuiListItemText-root"
      >
        <span
          className="MuiTypography-root MuiListItemText-primary MuiTypography-body1 MuiTypography-displayBlock"
        >
          Time Retrieved(Epoch): 
        </span>
      </div>
      <div
        className="MuiListItemText-root"
      >
        <span
          className="MuiTypography-root MuiListItemText-primary MuiTypography-body1 MuiTypography-displayBlock"
        >
          1596115066
        </span>
      </div>
    </li>
    <li
      className="MuiListItem-root MuiListItem-gutters"
      disabled={false}
    >
      <div
        className="MuiListItemIcon-root"
      >
        <svg
          aria-hidden={true}
          className="MuiSvgIcon-root"
          focusable="false"
          viewBox="0 0 24 24"
        >
          <path
            d="M11.99 2C6.47 2 2 6.48 2 12s4.47 10 9.99 10C17.52 22 22 17.52 22 12S17.52 2 11.99 2zM12 20c-4.42 0-8-3.58-8-8s3.58-8 8-8 8 3.58 8 8-3.58 8-8 8z"
          />
          <path
            d="M12.5 7H11v6l5.25 3.15.75-1.23-4.5-2.67z"
          />
        </svg>
      </div>
      <div
        className="MuiListItemText-root"
      >
        <span
          className="MuiTypography-root MuiListItemText-primary MuiTypography-body1 MuiTypography-displayBlock"
        >
          Time Difference(sec): 
        </span>
      </div>
      <div
        className="MuiListItemText-root"
      >
        <span
          className="MuiTypography-root MuiListItemText-primary MuiTypography-body1 MuiTypography-displayBlock"
        >
          00:00:00
        </span>
      </div>
    </li>
  </ul>
</div>
`;
